// Jest Snapshot v1, https://goo.gl/fbAQLP

exports[`<Header> renders as expected without crashing and matches snapshot 1`] = `
<section
  className="hero has-text-centered is-info is-mobile"
  id="header"
>
  <section
    className="hero-body"
  >
    <section
      className="container"
    >
      <h1
        className="title is-size-4-mobile"
      >
        <i
          className="fab fa-github-alt"
        />
        Github Repo Search
        <i
          className="fab fa-github-alt"
        />
      </h1>
    </section>
  </section>
</section>
`;
